// Jest Snapshot v1, https://goo.gl/fbAQLP

exports[`Test for Home Page should render the Home Page 1`] = `
Object {
  "asFragment": [Function],
  "baseElement": <body>
    <div>
      <div>
        <header
          class="home-header"
        >
          <div
            class="search"
          >
             
            <input
              name="searchItem"
              placeholder="Search for a country"
              type="text"
              value=""
            />
          </div>
        </header>
        <div
          class="countries-grid"
        >
          <button
            class="country"
            type="button"
          >
            <div
              class="image"
            >
              <img
                alt="Country Flag"
                class="country-img"
                src="https://upload.wikimedia.org/wikipedia/commons/5/5c/Flag_of_the_Taliban.svg"
              />
            </div>
            <div
              class="details"
            >
              <h2>
                Afghanistan
              </h2>
              <p>
                Population:
                <span
                  class="span"
                >
                  40218234
                </span>
              </p>
            </div>
          </button>
          <button
            class="country"
            type="button"
          >
            <div
              class="image"
            >
              <img
                alt="Country Flag"
                class="country-img"
                src="https://flagcdn.com/ax.svg"
              />
            </div>
            <div
              class="details"
            >
              <h2>
                Åland Islands
              </h2>
              <p>
                Population:
                <span
                  class="span"
                >
                  28875
                </span>
              </p>
            </div>
          </button>
        </div>
      </div>
    </div>
  </body>,
  "container": <div>
    <div>
      <header
        class="home-header"
      >
        <div
          class="search"
        >
           
          <input
            name="searchItem"
            placeholder="Search for a country"
            type="text"
            value=""
          />
        </div>
      </header>
      <div
        class="countries-grid"
      >
        <button
          class="country"
          type="button"
        >
          <div
            class="image"
          >
            <img
              alt="Country Flag"
              class="country-img"
              src="https://upload.wikimedia.org/wikipedia/commons/5/5c/Flag_of_the_Taliban.svg"
            />
          </div>
          <div
            class="details"
          >
            <h2>
              Afghanistan
            </h2>
            <p>
              Population:
              <span
                class="span"
              >
                40218234
              </span>
            </p>
          </div>
        </button>
        <button
          class="country"
          type="button"
        >
          <div
            class="image"
          >
            <img
              alt="Country Flag"
              class="country-img"
              src="https://flagcdn.com/ax.svg"
            />
          </div>
          <div
            class="details"
          >
            <h2>
              Åland Islands
            </h2>
            <p>
              Population:
              <span
                class="span"
              >
                28875
              </span>
            </p>
          </div>
        </button>
      </div>
    </div>
  </div>,
  "debug": [Function],
  "findAllByAltText": [Function],
  "findAllByDisplayValue": [Function],
  "findAllByLabelText": [Function],
  "findAllByPlaceholderText": [Function],
  "findAllByRole": [Function],
  "findAllByTestId": [Function],
  "findAllByText": [Function],
  "findAllByTitle": [Function],
  "findByAltText": [Function],
  "findByDisplayValue": [Function],
  "findByLabelText": [Function],
  "findByPlaceholderText": [Function],
  "findByRole": [Function],
  "findByTestId": [Function],
  "findByText": [Function],
  "findByTitle": [Function],
  "getAllByAltText": [Function],
  "getAllByDisplayValue": [Function],
  "getAllByLabelText": [Function],
  "getAllByPlaceholderText": [Function],
  "getAllByRole": [Function],
  "getAllByTestId": [Function],
  "getAllByText": [Function],
  "getAllByTitle": [Function],
  "getByAltText": [Function],
  "getByDisplayValue": [Function],
  "getByLabelText": [Function],
  "getByPlaceholderText": [Function],
  "getByRole": [Function],
  "getByTestId": [Function],
  "getByText": [Function],
  "getByTitle": [Function],
  "queryAllByAltText": [Function],
  "queryAllByDisplayValue": [Function],
  "queryAllByLabelText": [Function],
  "queryAllByPlaceholderText": [Function],
  "queryAllByRole": [Function],
  "queryAllByTestId": [Function],
  "queryAllByText": [Function],
  "queryAllByTitle": [Function],
  "queryByAltText": [Function],
  "queryByDisplayValue": [Function],
  "queryByLabelText": [Function],
  "queryByPlaceholderText": [Function],
  "queryByRole": [Function],
  "queryByTestId": [Function],
  "queryByText": [Function],
  "queryByTitle": [Function],
  "rerender": [Function],
  "unmount": [Function],
}
`;
